Auto-commit started for: /Users/shashwath/Desktop/car3Ddisplay
Interval: every 30 minutes. Press Ctrl+C to stop.
[commit 3d2dc94] auto-commit: 2026-05-27 09:57:59
 10 files changed, 36 insertions(+), 1 deletion(-)
 create mode 100755 auto-commit.sh
 create mode 100644 nohup.out
 delete mode 100644 public/assets/futuristic_combat_jet/textures/Aircraft C.jpg
 delete mode 100644 public/assets/futuristic_combat_jet/textures/Aircraft N.jpg
 delete mode 100644 public/assets/futuristic_combat_jet/textures/Aircraft S.jpg
 delete mode 100644 public/assets/futuristic_combat_jet/textures/REF 1.jpg
 delete mode 100644 public/favicon.ico
 delete mode 100644 public/logo192.png
 delete mode 100644 public/logo512.png
 delete mode 100644 src/logo.svg
fatal: The current branch commit has no upstream branch.
To push the current branch and set the remote as upstream, use

    git push --set-upstream origin commit

To have this happen automatically for branches without a tracking
upstream, see 'push.autoSetupRemote' in 'git help config'.

[2026-05-27 09:57:59] Committed and pushed
Auto-commit started for: /Users/shashwath/Desktop/car3Ddisplay
Interval: every 30 minutes. Press Ctrl+C to stop.
